UNKNOWN
ACCEPT
ACCEPT
ACCEPT
ACCEPT
UNKNOWN
UNKNOWN
UNKNOWN
ACCEPT
ACCEPT
FAIL
FAIL
